완전 레코드: 391,826
B용 스냅샷 결합 후: 391,826

=== A_행정동만_v7 (n=391,826, features=18) ===
    random: XGB R²=0.9208 MAPE=0.0995  OLS R²=0.5061
  temporal: XGB R²=0.8005 MAPE=0.1488  OLS R²=0.4135
     group: XGB R²=0.7772 MAPE=0.1552  OLS R²=0.4274

=== B_거리만_시점무관(2026스냅샷) (n=391,826, features=26) ===
    random: XGB R²=0.9519 MAPE=0.0742  OLS R²=0.5504
  temporal: XGB R²=0.8558 MAPE=0.1247  OLS R²=0.4480
     group: XGB R²=0.7275 MAPE=0.1786  OLS R²=0.4832

=== C_거리+시점정합(v8) (n=391,826, features=26) ===
    random: XGB R²=0.9493 MAPE=0.0762  OLS R²=0.5304
  temporal: XGB R²=0.8513 MAPE=0.1312  OLS R²=0.4114
     group: XGB R²=0.7260 MAPE=0.1824  OLS R²=0.4684

=== D_거리+시점+행정동 (n=391,826, features=36) ===
    random: XGB R²=0.9587 MAPE=0.0685  OLS R²=0.5837
  temporal: XGB R²=0.8711 MAPE=0.1198  OLS R²=0.4861
     group: XGB R²=0.8039 MAPE=0.1483  OLS R²=0.5023

저장: results/ablation_v7_v8.json, .csv

=== 요약 (XGB R²) ===
split                 group  random  temporal
scenario                                     
A_행정동만_v7            0.7772  0.9208    0.8005
B_거리만_시점무관(2026스냅샷)  0.7275  0.9519    0.8558
C_거리+시점정합(v8)        0.7260  0.9493    0.8513
D_거리+시점+행정동          0.8039  0.9587    0.8711
