=== 대형마트(MT1) ===
  [MT1] 종로구: 45
  [MT1] 중구: 45
  [MT1] 용산구: 45
  [MT1] 성동구: 45
  [MT1] 광진구: 45
  [MT1] 동대문구: 45
  [MT1] 중랑구: 45
  [MT1] 성북구: 45
  [MT1] 강북구: 45
  [MT1] 도봉구: 45
  [MT1] 노원구: 45
  [MT1] 은평구: 45
  [MT1] 서대문구: 45
  [MT1] 마포구: 45
  [MT1] 양천구: 45
  [MT1] 강서구: 45
  [MT1] 구로구: 45
  [MT1] 금천구: 45
  [MT1] 영등포구: 45
  [MT1] 동작구: 45
  [MT1] 관악구: 45
  [MT1] 서초구: 45
  [MT1] 강남구: 45
  [MT1] 송파구: 45
  [MT1] 강동구: 45
대형마트 저장: 473 rows → /Users/seokmogu/project/thesis-seoul-apt-xai/scripts/../data/seoul_marts_kakao.csv

=== 백화점 ===
  키워드 '백화점': 45 중 36건 채택, 누적 유니크 36
  키워드 '롯데백화점': 45 중 13건 채택, 누적 유니크 36
  키워드 '신세계백화점': 45 중 6건 채택, 누적 유니크 36
  키워드 '현대백화점': 45 중 9건 채택, 누적 유니크 36
  키워드 '갤러리아': 41 중 2건 채택, 누적 유니크 36
  키워드 'AK플라자': 19 중 1건 채택, 누적 유니크 36
  키워드 '현대시티아울렛': 45 중 0건 채택, 누적 유니크 36
  키워드 '타임스퀘어': 45 중 1건 채택, 누적 유니크 36
  키워드 '롯데프리미엄아울렛': 1 중 0건 채택, 누적 유니크 36
  키워드 '현대프리미엄아울렛': 45 중 0건 채택, 누적 유니크 36
백화점 저장: 36 rows → /Users/seokmogu/project/thesis-seoul-apt-xai/scripts/../data/seoul_department_stores_kakao.csv

백화점 샘플:
  롯데백화점 본점 | 가정,생활 > 백화점 > 롯데백화점 | 서울 중구 소공동 1
  롯데백화점 잠실점 | 가정,생활 > 백화점 > 롯데백화점 | 서울 송파구 잠실동 40-1
  신세계백화점 강남점 | 가정,생활 > 백화점 > 신세계백화점 | 서울 서초구 반포동 19-3
  신세계백화점 본점 더 리저브 | 가정,생활 > 백화점 > 신세계백화점 | 서울 중구 충무로1가 52-5
  롯데백화점 청량리점 | 가정,생활 > 백화점 > 롯데백화점 | 서울 동대문구 전농동 588-1
  롯데백화점 영등포점 | 가정,생활 > 백화점 > 롯데백화점 | 서울 영등포구 영등포동 618-496
  롯데백화점 노원점 | 가정,생활 > 백화점 > 롯데백화점 | 서울 노원구 상계동 713
  신세계백화점 타임스퀘어점 | 가정,생활 > 백화점 > 신세계백화점 | 서울 영등포구 영등포동4가 434-5
  현대백화점 무역센터점 | 가정,생활 > 백화점 > 현대백화점 | 서울 강남구 삼성동 159-7
  현대백화점 신촌점 | 가정,생활 > 백화점 > 현대백화점 | 서울 서대문구 창천동 30-33
  롯데백화점 강남점 | 가정,생활 > 백화점 > 롯데백화점 | 서울 강남구 대치동 937
  현대백화점 압구정본점 | 가정,생활 > 백화점 > 현대백화점 | 서울 강남구 압구정동 429
  현대백화점 목동점 | 가정,생활 > 백화점 > 현대백화점 | 서울 양천구 목동 916
  현대백화점 천호점 | 가정,생활 > 백화점 > 현대백화점 | 서울 강동구 천호동 572
  롯데백화점 미아점 | 가정,생활 > 백화점 > 롯데백화점 | 서울 강북구 미아동 70-6

백화점 브랜드 분포:
브랜드
롯데백화점      14
현대백화점       9
신세계백화점      6
NC백화점       4
갤러리아백화점     2
AK플라자       1
