  종로구: 45
  중구: 45
  용산구: 45
  성동구: 45
  광진구: 45
  동대문구: 45
  중랑구: 45
  성북구: 45
  강북구: 45
  도봉구: 45
  노원구: 45
  은평구: 45
  서대문구: 45
  마포구: 45
  양천구: 45
  강서구: 45
  구로구: 45
  금천구: 45
  영등포구: 45
  동작구: 45
  관악구: 45
  서초구: 45
  강남구: 45
  송파구: 45
  강동구: 45

서울 병원 유니크: 1117

종별 분포:
종별
정형외과       145
내과         132
피부과        124
치과         121
안과          84
이비인후과       84
산부인과        50
동물병원        48
일반의원        41
비뇨기과        35
노인,요양병원     33
한방병원        28
종합병원        25
정신건강의학과     24
외과          23

저장: /Users/seokmogu/project/thesis-seoul-apt-xai/scripts/../data/seoul_hospitals_kakao.csv
