데이터: 391,826
  전체-2019: n=74,896 R²=0.9208 MAPE=0.0957 Top3=['강남구분', '건물연령', 'childcare_count_1000m']
  전체-2020: n=83,916 R²=0.9029 MAPE=0.1045 Top3=['건물연령', '강남구분', 'childcare_count_1000m']
  전체-2021: n=43,379 R²=0.8835 MAPE=0.1103 Top3=['강남구분', '건물연령', 'childcare_count_1000m']
  전체-2022: n=12,788 R²=0.8412 MAPE=0.1316 Top3=['강남구분', '건물연령', 'cctv_count_500m']
  전체-2023: n=35,565 R²=0.9093 MAPE=0.0952 Top3=['강남구분', '건물연령', 'childcare_count_1000m']
  전체-2024: n=57,710 R²=0.9281 MAPE=0.0928 Top3=['강남구분', '건물연령', 'childcare_count_1000m']
  전체-2025: n=83,572 R²=0.9156 MAPE=0.1036 Top3=['건물연령', '강남구분', 'childcare_count_1000m']
  강남3구-2019: n=13,619 R²=0.8941 MAPE=0.0929 Top3=['건물연령', 'department_nearest_m', 'childcare_count_1000m']
  강남3구-2020: n=11,619 R²=0.8808 MAPE=0.1002 Top3=['건물연령', 'department_nearest_m', 'childcare_count_1000m']
  강남3구-2021: n=6,585 R²=0.8724 MAPE=0.1050 Top3=['건물연령', 'cctv_count_500m', 'department_nearest_m']
  강남3구-2022: n=2,288 R²=0.8313 MAPE=0.1278 Top3=['건물연령', 'department_nearest_m', 'elem_school_nearest_m']
  강남3구-2023: n=6,678 R²=0.8846 MAPE=0.0884 Top3=['hospital_general_nearest_m', '건물연령', 'childcare_count_1000m']
  강남3구-2024: n=11,213 R²=0.9016 MAPE=0.0906 Top3=['건물연령', 'department_nearest_m', 'childcare_count_1000m']
  강남3구-2025: n=13,075 R²=0.9057 MAPE=0.1003 Top3=['childcare_count_1000m', '건물연령', 'department_nearest_m']
  비강남-2019: n=61,277 R²=0.8871 MAPE=0.0932 Top3=['건물연령', 'childcare_count_1000m', 'subway_count_1000m']
  비강남-2020: n=72,297 R²=0.8785 MAPE=0.1009 Top3=['건물연령', 'subway_count_1000m', 'childcare_count_1000m']
  비강남-2021: n=36,794 R²=0.8543 MAPE=0.1074 Top3=['건물연령', 'childcare_count_1000m', 'subway_count_1000m']
  비강남-2022: n=10,500 R²=0.7882 MAPE=0.1244 Top3=['건물연령', 'cctv_count_500m', '층']
  비강남-2023: n=28,887 R²=0.8585 MAPE=0.0973 Top3=['건물연령', 'academy_count_1000m', 'subway_count_1000m']
  비강남-2024: n=46,497 R²=0.8889 MAPE=0.0948 Top3=['건물연령', 'subway_count_1000m', 'academy_count_1000m']
  비강남-2025: n=70,497 R²=0.8910 MAPE=0.0998 Top3=['건물연령', 'subway_count_1000m', 'academy_count_1000m']

저장: v8_year_region_summary.csv, v8_year_region_shap_top.csv

=== R² 피벗 (연도 × 권역) ===
region    강남3구     비강남      전체
year                          
2019    0.8941  0.8871  0.9208
2020    0.8808  0.8785  0.9029
2021    0.8724  0.8543  0.8835
2022    0.8313  0.7882  0.8412
2023    0.8846  0.8585  0.9093
2024    0.9016  0.8889  0.9281
2025    0.9057  0.8910  0.9156

=== MAPE 피벗 ===
region    강남3구     비강남      전체
year                          
2019    0.0929  0.0932  0.0957
2020    0.1002  0.1009  0.1045
2021    0.1050  0.1074  0.1103
2022    0.1278  0.1244  0.1316
2023    0.0884  0.0973  0.0952
2024    0.0906  0.0948  0.0928
2025    0.1003  0.0998  0.1036
