=== v8 모델링 시작 ===
전체 거래: 391,826
결측 제거 후: 391,826

--- 무작위 분할 ---
  OLS R²=0.4941  RF R²=0.8596  XGB R²=0.9269  XGB MAPE=0.0999

--- Group 분할 (단지 단위) ---
  OLS R²=0.4333  RF R²=0.5379  XGB R²=0.6378

--- 시간순 분할 ---
  OLS R²=0.4058  RF R²=0.6747  XGB R²=0.8125

--- 권역별 ---
  강남3구: n=65,077 XGB R²=0.9234 MAPE=0.0904
  비강남: n=326,749 XGB R²=0.9069 MAPE=0.0975

--- 면적대별 ---
  20평대 (60-85㎡): n=161,416 XGB R²=0.9657 MAPE=0.0616
  30평대 (85-112㎡): n=17,135 XGB R²=0.9665 MAPE=0.0652
  소형 (<60㎡): n=166,046 XGB R²=0.9621 MAPE=0.0588
  대형 (≥112㎡): n=47,229 XGB R²=0.9582 MAPE=0.0737

--- 연도별 ---
  2019: n=74,896 XGB R²=0.9256 MAPE=0.0920
  2020: n=83,916 XGB R²=0.9121 MAPE=0.0989
  2021: n=43,379 XGB R²=0.8909 MAPE=0.1057
  2022: n=12,788 XGB R²=0.8443 MAPE=0.1285
  2023: n=35,565 XGB R²=0.9118 MAPE=0.0936
  2024: n=57,710 XGB R²=0.9327 MAPE=0.0897
  2025: n=83,572 XGB R²=0.9218 MAPE=0.0993

--- SHAP 계산 (5,000건 샘플) ---
                   feature  mean_abs_shap       pct
                      강남구분       0.123123 13.607951
                        M2       0.103133 11.398536
                      건물연령       0.094822 10.480006
     childcare_count_1000m       0.049595  5.481339
                   소비자물가지수       0.042519  4.699283
        subway_count_1000m       0.041488  4.585405
       academy_count_1000m       0.039925  4.412572
      department_nearest_m       0.036537  4.038179
          subway_nearest_m       0.036316  4.013708
           cctv_count_500m       0.034955  3.863299
                         층       0.029265  3.234432
hospital_general_nearest_m       0.026526  2.931704
     elem_school_nearest_m       0.025135  2.778007
    department_count_2000m       0.019645  2.171215
      hospital_count_1000m       0.018905  2.089437

저장: /Users/seokmogu/project/thesis-seoul-apt-xai/scripts/../results/modeling_v8_results.json
